RAM Allocation [bytes]
Variable                                                                          Address   Size
------------------------------------------------------------------------------------------------
Relays                                                                            0x0528       1
Dens                                                                              0x0529       1
Quats                                                                             0x052A       1
Boms                                                                              0x052B       1
Sensors                                                                           0x052C       1
flagAutoDen                                                                       0x052D       1
flagAutoQuat                                                                      0x052E       1
flagAutoBom                                                                       0x052F       1
rx_buffer                                                                         0x0530     250
arrStatuTB                                                                        0x062A      25
arrGioOn                                                                          0x0643      30
arrPhutOn                                                                         0x0661      30
arrGioOff                                                                         0x067F      30
arrPhutOff                                                                        0x069D      30
tx_buffer0                                                                        0x06BB      64
tx_counter0                                                                       0x06FB       1
s                                                                                 0x06FC       1
h                                                                                 0x06FD       1
m                                                                                 0x06FE       1
thu                                                                               0x06FF       1
d                                                                                 0x0700       1
n                                                                                 0x0701       1
y                                                                                 0x0702       1
display_buffer                                                                    0x0703      20
I_RH                                                                              0x0717       1
D_RH                                                                              0x0718       1
I_Temp                                                                            0x0719       1
D_Temp                                                                            0x071A       1
CheckSum                                                                          0x071B       1
doam                                                                              0x071C       2
temperature                                                                       0x071E       1
DoAmDat                                                                           0x071F       1
CamBienMua                                                                        0x0720       1
arrFlagHenGio                                                                     0x0721      30
timeSensor                                                                        0x073F       2

EEPROM Allocation [bytes]
Variable                                                                          Address   Size
------------------------------------------------------------------------------------------------

Register Allocation
Variable                                                                          Register  Size
------------------------------------------------------------------------------------------------
index                                                                             R5           1
flag_uart                                                                         R4           1
id                                                                                R7           1
trangthai                                                                         R6           1
gioon                                                                             R9           1
phuton                                                                            R8           1
giooff                                                                            R11          1
phutoff                                                                           R10          1
tx_wr_index0                                                                      R13          1
tx_rd_index0                                                                      R12          1

FLASH Allocation [words]
Function                                                                          Address   Size
------------------------------------------------------------------------------------------------
ActuatorsDelete                                                                   0x01057      1
ActuatorsActivation                                                               0x01058    203
ActuatorsDongBoThietBi                                                            0x01123     10
ActuatorsDongBoHenGio                                                             0x0112D     10
AutoON                                                                            0x01137     96
AutoOFF                                                                           0x01197     97
usart0_rx_isr                                                                     0x011F8     20
uart_handler                                                                      0x0120C    451
usart0_tx_isr                                                                     0x013CF     27
putchar                                                                           0x013EA     33
read_adc                                                                          0x0140B     14
timer1_ovf_isr                                                                    0x01419     47
main                                                                              0x01448    604
valueinitSensor                                                                   0x016A4     24
getTime                                                                           0x016BC     29
MenuDisplay                                                                       0x016D9    159
screenMainDisplay                                                                 0x01778    122
NhietdoVadoam                                                                     0x017F2     66
setValuesInitHengio                                                               0x01834     25
checkHengioDen                                                                    0x0184D    113
checkHengioQuat                                                                   0x018BE    101
checkHengioBom                                                                    0x01923    102
HenGio                                                                            0x01989    308
setup                                                                             0x01ABD     79
Request                                                                           0x01B0C      8
Response                                                                          0x01B14      8
Receive_data                                                                      0x01B1C     27
LcdInit                                                                           0x01B37     10
PrintFlash                                                                        0x01B41     44
Print                                                                             0x01B6D     40
put_usart_G100                                                                    0x01B95     10
put_buff_G100                                                                     0x01B9F     58
_print_G100                                                                       0x01BD9    308
sprintf                                                                           0x01D0D     46
printf                                                                            0x01D3B     31
rtc_init                                                                          0x01D5A     26
rtc_get_time                                                                      0x01D74     25
rtc_get_date                                                                      0x01D8D     27
strlen                                                                            0x01DA8     12
strlenf                                                                           0x01DB4     13
bcd2bin                                                                           0x01DC1     13
